iMPACT Version: 12.2

iMPACT log file Started on Tue Jan 20 13:32:13 2026

Welcome to iMPACT
iMPACT Version: 12.2
// *** BATCH CMD : setMode -bs
GUI --- Auto connect to cable...
// *** BATCH CMD : setCable -port auto
AutoDetecting cable. Please wait.
PROGRESS_START - Starting Operation.
Connecting to cable (Usb Port - USB21).
Checking cable driver.
 Driver file xusb_emb.sys found.
 Driver version: src=1029, dest=1029.
 Driver windrvr6.sys version = 8.1.1.0. WinDriver v8.11 Jungo (c) 1997 - 2007 Build Date: Feb 28 2007 x86_64 64bit SYS09:48:01, version = 811.
 Cable PID = 0008.
 Max current requested during enumeration is 74 mA.
Type = 0x0004.
 Cable Type = 3, Revision = 0.
 Setting cable speed to 6 MHz.
Cable connection established.
Firmware version = 1029.
File version of D:/Xilinx/12.2/ISE_DS/ISE/data/xusb_xlp.hex = 1303.
Firmware hex file version = 1303.
Downloading D:/Xilinx/12.2/ISE_DS/ISE/data/xusb_xlp.hex.
Downloaded firmware version = 1303.
PLD file version = 0012h.
 PLD version = 0012h.
PROGRESS_END - End Operation.
Elapsed time =      1 sec.
Type = 0x0004.
ESN option: 000013EAE9BF01.
Attempting to identify devices in the boundary-scan chain configuration...
INFO:iMPACT - Current time: Тђ 20. џэт 13:33:45 2026
// *** BATCH CMD : Identify -inferir 
PROGRESS_START - Starting Operation.
Identifying chain contents...'0': : Manufacturer's ID = Xilinx xc6slx45t, Version : 3
INFO:iMPACT:1777 - 
   Reading D:/Xilinx/12.2/ISE_DS/ISE/spartan6/data/xc6slx45t.bsd...
INFO:iMPACT:501 - '1': Added Device xc6slx45t successfully.
----------------------------------------------------------------------
'1': : Manufacturer's ID = Xilinx xccace, Version : 0
INFO:iMPACT:1777 - 
   Reading D:/Xilinx/12.2/ISE_DS/ISE/acecf/data/xccace.bsd...
INFO:iMPACT:501 - '1': Added Device xccace successfully.
----------------------------------------------------------------------
done.
PROGRESS_END - End Operation.
Elapsed time =      0 sec.
// *** BATCH CMD : identifyMPM 
// *** BATCH CMD : assignFile -p 2 -file "C:/Xilinx/Project/sin_gen/sin_gen.bit"
'2': Loading file 'C:/Xilinx/Project/sin_gen/sin_gen.bit' ...
done.
INFO:iMPACT:2257 - Startup Clock has been changed to 'JtagClk' in the bitstream   stored in memory,
   but the original bitstream file remains unchanged.
UserID read from the bitstream file = 0xFFFFFFFF.
Data width read from the bitstream file = 1.
----------------------------------------------------------------------
INFO:iMPACT:501 - '2': Added Device xc6slx45t successfully.
----------------------------------------------------------------------
// *** BATCH CMD : setMode -pff
// *** BATCH CMD : addConfigDevice  -name "sin_gen_bpi" -path"C:\Xilinx\Project\sin_gen\"
// *** BATCH CMD : setSubmode -pffbpi
// *** BATCH CMD : setAttribute -configdevice -attr multibootBpiType -value"TYPE_BPI"
// *** BATCH CMD : setAttribute -configdevice -attr multibootBpiDevice -value"SPARTAN6"
// *** BATCH CMD : setAttribute -configdevice -attr multibootBpichainType -value"SERIAL"
// *** BATCH CMD : addDesign -version 0 -name "0"
// *** BATCH CMD : setMode -pff
// *** BATCH CMD : addDeviceChain -index 0
// *** BATCH CMD : setMode -pff
// *** BATCH CMD : addDeviceChain -index 0
Override chain at index 0.
Overriding chain at index 0.
// *** BATCH CMD : setAttribute -configdevice -attr compressed -value "FALSE"
// *** BATCH CMD : setAttribute -configdevice -attr autoSize -value "FALSE"
// *** BATCH CMD : setAttribute -configdevice -attr fileFormat -value "mcs"
// *** BATCH CMD : setAttribute -configdevice -attr fillValue -value "FF"
// *** BATCH CMD : setAttribute -configdevice -attr swapBit -value "FALSE"
// *** BATCH CMD : setAttribute -configdevice -attr dir -value "UP"
// *** BATCH CMD : setAttribute -configdevice -attr multiboot -value "FALSE"
// *** BATCH CMD : setAttribute -configdevice -attr spiSelected -value "FALSE"
// *** BATCH CMD : setAttribute -configdevice -attr RsPinMsb -value "1"
// *** BATCH CMD : setAttribute -configdevice -attr flashDataWidth -value "16"
// *** BATCH CMD : setCurrentDesign -version 0
// *** BATCH CMD : setAttribute -design -attr RSPin -value ""
// *** BATCH CMD : setCurrentDesign -version 0
// *** BATCH CMD : addPromDevice -p 1 -size 16384 -name 16M
'1': Added Device 16M successfully.
----------------------------------------------------------------------
// *** BATCH CMD : setMode -bs
// *** BATCH CMD : setMode -pff
// *** BATCH CMD : addDeviceChain -index 0
Override chain at index 0.
Overriding chain at index 0.
// *** BATCH CMD : setMode -pff
// *** BATCH CMD : addDeviceChain -index 0
Override chain at index 0.
Overriding chain at index 0.
// *** BATCH CMD : setMode -pff
// *** BATCH CMD : setSubmode -pffbpi
// *** BATCH CMD : setMode -pff
------------------------  GUI: Wizard Data Report  ---------------------------
      Compression : false
      Fill Value : FF
      Output Format : mcs
      Swap Bits : false
      LoadDirection : UP
      PROM Basename : sin_gen_bpi
      File Location : C:\Xilinx\Project\sin_gen\/
      Auto Selcet : false
      Number of Revisions : 1
      Number of PROMs : 1
      PROM Name : 16M,   PROM Size : 16777216 Bytes
-------------------------- END of Report ----------------------------
// *** BATCH CMD : setAttribute -design -attr RSPin -value "00"
// *** BATCH CMD : addDevice -p 1 -file "C:/Xilinx/Project/sin_gen/sin_gen.bit"
'1': Loading file 'C:/Xilinx/Project/sin_gen/sin_gen.bit' ...
INFO:iMPACT - Elapsed time =      0 sec.
done.
INFO:iMPACT:501 - '1': Added Device xc6slx45t successfully.
----------------------------------------------------------------------
file : C:/Xilinx/Project/sin_gen/sin_gen.bit  used size : 11875232
Add one device.// *** BATCH CMD : setAttribute -design -attr RSPinMsb -value "1"
// *** BATCH CMD : setAttribute -design -attr name -value "0"
// *** BATCH CMD : setAttribute -design -attr RSPin -value "00"
// *** BATCH CMD : setAttribute -design -attr endAddress -value "16a673"
Revision 0, Design 0 Device #0 is Selected.
INFO:iMPACT - Current time: Тђ 20. џэт 13:35:51 2026
// *** BATCH CMD : setMode -pff
// *** BATCH CMD : setSubmode -pffbpi
Total configuration bit size = 11875232  bits.
Total configuration byte size = 1484404 bytes.
// *** BATCH CMD : generate
INFO:Bitstream:181 - The start address provided has been multiplied by a factor   of 2 due to the use of the x16 data width
0x16a674 (1484404) bytes loaded up from 0x0
Using user-specified prom size of 16384K
Writing file "C:\Xilinx\Project\sin_gen\sin_gen_bpi.mcs".
Writing file "C:\Xilinx\Project\sin_gen\sin_gen_bpi.prm".
Writing file "C:\Xilinx\Project\sin_gen\sin_gen_bpi.cfi".
// *** BATCH CMD : setCurrentDesign -version 0
// *** BATCH CMD : setMode -bs
Selected part: 28F256P30
// *** BATCH CMD : attachflash -position 2 -bpi "28F256P30"
// *** BATCH CMD : assignfiletoattachedflash -position 2 -file"C:/Xilinx/Project/sin_gen/sin_gen_bpi.mcs"
INFO:iMPACT - Current time: Тђ 20. џэт 13:36:24 2026
// *** BATCH CMD : Erase -p 2 
Maximum TCK operating frequency for this device chain: 16700000.
Validating chain...
Boundary-scan chain validated successfully.
INFO:iMPACT - Current time: Тђ 20. џэт 13:36:50 2026
// *** BATCH CMD : Program -p 2 -dataWidth 16 -rs1 NONE -rs0 NONE -bpionly -e -v-loadfpga 
Maximum TCK operating frequency for this device chain: 16700000.
Validating chain...
Boundary-scan chain validated successfully.
PROGRESS_START - Starting Operation.
'2': BPI access core not detected. BPI access core will be downloaded to thedevice to enable operations.
INFO:iMPACT - Downloading core file   D:/Xilinx/12.2/ISE_DS/ISE/spartan6/data/xc6slx45t_jbpi.cor.
'2': Downloading core...
 LCK_cycle = NoWait.
LCK cycle: NoWait
done.
'2': Reading status register contents...
INFO:iMPACT:2219 - Status register values:
INFO:iMPACT - 0011 1100 1110 1100 
INFO:iMPACT:2492 - '2': Completed downloading core to device.
Current cable speed is set to 6.000 Mhz.
Cable speed is default to 3Mhz or lower for BPI operations.
Current cable speed is set to 3.000 Mhz.
Setting Flash Control Pins ...
Populating BPI common flash interface ...
Common Flash Interface Information Query completed successfully.
INFO:iMPACT - Common Flash Interface Information from Device:
INFO:iMPACT - Verification string:	 51 52 59
INFO:iMPACT - Manufacturer ID:    	 89 
INFO:iMPACT - Vendor ID:          	 01 
INFO:iMPACT - Device Code:        	 19 
Using x16 mode ...
Setting Flash Control Pins ...
'2': Erasing device...
'2': Start address = 0x00000000, End address = 0x0016A673.
done.
'2': Erasure completed successfully.
Using x16 mode ...
Setting Flash Control Pins ...
INFO:iMPACT - Using Buffered Programming.
'2': Programming Flash.
done.
'2': Flash Programming completed successfully.
Using x16 mode ...
Setting Flash Control Pins ...
'2': Reading device contents...
done.
'2': Verification completed.
Current cable speed is resumed to 6.000 Mhz.
INFO:iMPACT:188 - '2': Programming completed successfully.
 LCK_cycle = NoWait.
LCK cycle: NoWait
INFO:iMPACT - '2': Checking done pin....done.
'2': Programmed successfully.
PROGRESS_END - End Operation.
Elapsed time =    118 sec.
write cmdbuffer failed C0007000.
Cable is not connected.
// *** BATCH CMD : assignFile -p 2 -file "C:/Xilinx/Project/sin_gen/sin_gen.bit"
'2': Loading file 'C:/Xilinx/Project/sin_gen/sin_gen.bit' ...
done.
UserID read from the bitstream file = 0xFFFFFFFF.
Data width read from the bitstream file = 1.
----------------------------------------------------------------------
INFO:iMPACT:501 - '2': Added Device xc6slx45t successfully.
----------------------------------------------------------------------
// *** BATCH CMD : setMode -pff
// *** BATCH CMD : assignFile -p 1 -file "C:/Xilinx/Project/sin_gen/sin_gen.bit"
'1': Loading file 'C:/Xilinx/Project/sin_gen/sin_gen.bit' ...
INFO:iMPACT - Elapsed time =      0 sec.
done.
INFO:iMPACT:501 - '1': Added Device xc6slx45t successfully.
----------------------------------------------------------------------
// *** BATCH CMD : setAttribute -position 1 -attr devicePartName -value"xc6slx45t"
Revision 0, Design 0 Device #0 is Selected.
INFO:iMPACT - Current time: Тђ 20. џэт 13:54:04 2026
// *** BATCH CMD : setMode -pff
// *** BATCH CMD : setSubmode -pffbpi
Updating config file C:/Xilinx/Project/sin_gen/sin_gen.bit...
Total configuration bit size = 11875232  bits.
Total configuration byte size = 1484404 bytes.
// *** BATCH CMD : generate
INFO:Bitstream:181 - The start address provided has been multiplied by a factor   of 2 due to the use of the x16 data width
0x16a674 (1484404) bytes loaded up from 0x0
Using user-specified prom size of 16384K
Writing file "C:\Xilinx\Project\sin_gen\sin_gen_bpi.mcs".
Writing file "C:\Xilinx\Project\sin_gen\sin_gen_bpi.prm".
Writing file "C:\Xilinx\Project\sin_gen\sin_gen_bpi.cfi".
// *** BATCH CMD : setCurrentDesign -version 0
// *** BATCH CMD : setMode -bs
Selected part: 28F256P30
// *** BATCH CMD : attachflash -position 2 -bpi "28F256P30"
// *** BATCH CMD : assignfiletoattachedflash -position 2 -file"C:/Xilinx/Project/sin_gen/sin_gen_bpi.mcs"
GUI --- Auto connect to cable...
// *** BATCH CMD : setCable -port auto
AutoDetecting cable. Please wait.
PROGRESS_START - Starting Operation.
Connecting to cable (Usb Port - USB21).
Checking cable driver.
 Driver file xusb_emb.sys found.
 Driver version: src=1029, dest=1029.
 Driver windrvr6.sys version = 8.1.1.0. WinDriver v8.11 Jungo (c) 1997 - 2007 Build Date: Feb 28 2007 x86_64 64bit SYS09:48:01, version = 811.
Cable connection failed.
Connecting to cable (Parallel Port - LPT1).
Checking cable driver.
 Driver windrvr6.sys version = 8.1.1.0. WinDriver v8.11 Jungo (c) 1997 - 2007 Build Date: Feb 28 2007 x86_64 64bit SYS09:48:01, version = 811.
Cable connection failed.
Connecting to cable (Parallel Port - LPT2).
Checking cable driver.
 Driver windrvr6.sys version = 8.1.1.0. WinDriver v8.11 Jungo (c) 1997 - 2007 Build Date: Feb 28 2007 x86_64 64bit SYS09:48:01, version = 811.
Cable connection failed.
Connecting to cable (Parallel Port - LPT3).
Checking cable driver.
 Driver windrvr6.sys version = 8.1.1.0. WinDriver v8.11 Jungo (c) 1997 - 2007 Build Date: Feb 28 2007 x86_64 64bit SYS09:48:01, version = 811.
Cable connection failed.
Connecting to cable (Parallel Port - LPT4).
Checking cable driver.
 Driver windrvr6.sys version = 8.1.1.0. WinDriver v8.11 Jungo (c) 1997 - 2007 Build Date: Feb 28 2007 x86_64 64bit SYS09:48:01, version = 811.
Cable connection failed.
PROGRESS_END - End Operation.
Elapsed time =      4 sec.
Cable autodetection failed.
WARNING:iMPACT:923 - Can not find cable, check cable setup !GUI --- Auto connect to cable...
// *** BATCH CMD : setCable -port auto
AutoDetecting cable. Please wait.
PROGRESS_START - Starting Operation.
Connecting to cable (Usb Port - USB21).
Checking cable driver.
 Driver file xusb_emb.sys found.
 Driver version: src=1029, dest=1029.
 Driver windrvr6.sys version = 8.1.1.0. WinDriver v8.11 Jungo (c) 1997 - 2007 Build Date: Feb 28 2007 x86_64 64bit SYS09:48:01, version = 811.
 Cable PID = 0008.
 Max current requested during enumeration is 74 mA.
Type = 0x0004.
 Cable Type = 3, Revision = 0.
 Setting cable speed to 6 MHz.
Cable connection established.
Firmware version = 1029.
File version of D:/Xilinx/12.2/ISE_DS/ISE/data/xusb_xlp.hex = 1303.
Firmware hex file version = 1303.
Downloading D:/Xilinx/12.2/ISE_DS/ISE/data/xusb_xlp.hex.
Downloaded firmware version = 1303.
PLD file version = 0012h.
 PLD version = 0012h.
PROGRESS_END - End Operation.
Elapsed time =      2 sec.
Type = 0x0004.
ESN option: 000013EAE9BF01.
INFO:iMPACT - Current time: Тђ 20. џэт 13:55:39 2026
Updating config file C:/Xilinx/Project/sin_gen/sin_gen.bit...
INFO:iMPACT:2257 - Startup Clock has been changed to 'JtagClk' in the bitstream   stored in memory,
   but the original bitstream file remains unchanged.
// *** BATCH CMD : Erase -p 2 -bpionly 
Maximum TCK operating frequency for this device chain: 16700000.
Validating chain...
Boundary-scan chain validated successfully.
PROGRESS_START - Starting Operation.
'2': BPI access core not detected. BPI access core will be downloaded to thedevice to enable operations.
INFO:iMPACT - Downloading core file   D:/Xilinx/12.2/ISE_DS/ISE/spartan6/data/xc6slx45t_jbpi.cor.
'2': Downloading core...
 LCK_cycle = NoWait.
LCK cycle: NoWait
done.
'2': Reading status register contents...
INFO:iMPACT:2219 - Status register values:
INFO:iMPACT - 0011 1100 1110 1100 
INFO:iMPACT:2492 - '2': Completed downloading core to device.
Current cable speed is set to 6.000 Mhz.
Cable speed is default to 3Mhz or lower for BPI operations.
Current cable speed is set to 3.000 Mhz.
Setting Flash Control Pins ...
Populating BPI common flash interface ...
Common Flash Interface Information Query completed successfully.
INFO:iMPACT - Common Flash Interface Information from Device:
INFO:iMPACT - Verification string:	 51 52 59
INFO:iMPACT - Manufacturer ID:    	 89 
INFO:iMPACT - Vendor ID:          	 01 
INFO:iMPACT - Device Code:        	 19 
Using x16 mode ...
Setting Flash Control Pins ...
'2': Erasing device...
'2': Start address = 0x00000000, End address = 0x0016A673.
done.
'2': Erasure completed successfully.
Current cable speed is resumed to 6.000 Mhz.
PROGRESS_END - End Operation.
Elapsed time =     17 sec.
INFO:iMPACT - Current time: Тђ 20. џэт 13:56:13 2026
// *** BATCH CMD : Program -p 2 -bpionly -e -v -loadfpga 
Maximum TCK operating frequency for this device chain: 16700000.
Validating chain...
Boundary-scan chain validated successfully.
PROGRESS_START - Starting Operation.
Current cable speed is set to 6.000 Mhz.
Cable speed is default to 3Mhz or lower for BPI operations.
Current cable speed is set to 3.000 Mhz.
Setting Flash Control Pins ...
Populating BPI common flash interface ...
Common Flash Interface Information Query completed successfully.
INFO:iMPACT - Common Flash Interface Information from Device:
INFO:iMPACT - Verification string:	 51 52 59
INFO:iMPACT - Manufacturer ID:    	 89 
INFO:iMPACT - Vendor ID:          	 01 
INFO:iMPACT - Device Code:        	 19 
Using x16 mode ...
Setting Flash Control Pins ...
'2': Erasing device...
'2': Start address = 0x00000000, End address = 0x0016A673.
done.
'2': Erasure completed successfully.
Using x16 mode ...
Setting Flash Control Pins ...
INFO:iMPACT - Using Buffered Programming.
'2': Programming Flash.
done.
'2': Flash Programming completed successfully.
Using x16 mode ...
Setting Flash Control Pins ...
'2': Reading device contents...
done.
'2': Verification completed.
Current cable speed is resumed to 6.000 Mhz.
INFO:iMPACT:188 - '2': Programming completed successfully.
 LCK_cycle = NoWait.
LCK cycle: NoWait
INFO:iMPACT - '2': Checking done pin....done.
'2': Programmed successfully.
PROGRESS_END - End Operation.
Elapsed time =    105 sec.
Cable is not connected.
// *** BATCH CMD : setMode -pff
Revision 0, Design 0 Device #0 is Selected.
// *** BATCH CMD : assignFile -p 1 -file "C:/Xilinx/Project/sin_gen/sin_gen.bit"
'1': Loading file 'C:/Xilinx/Project/sin_gen/sin_gen.bit' ...
INFO:iMPACT - Elapsed time =      0 sec.
done.
INFO:iMPACT:501 - '1': Added Device xc6slx45t successfully.
----------------------------------------------------------------------
// *** BATCH CMD : setAttribute -position 1 -attr devicePartName -value"xc6slx45t"
INFO:iMPACT - Current time: Тђ 20. џэт 14:30:35 2026
// *** BATCH CMD : setMode -pff
// *** BATCH CMD : setSubmode -pffbpi
Updating config file C:/Xilinx/Project/sin_gen/sin_gen.bit...
Total configuration bit size = 11875232  bits.
Total configuration byte size = 1484404 bytes.
// *** BATCH CMD : generate
INFO:Bitstream:181 - The start address provided has been multiplied by a factor   of 2 due to the use of the x16 data width
0x16a674 (1484404) bytes loaded up from 0x0
Using user-specified prom size of 16384K
Writing file "C:\Xilinx\Project\sin_gen\sin_gen_bpi.mcs".
Writing file "C:\Xilinx\Project\sin_gen\sin_gen_bpi.prm".
Writing file "C:\Xilinx\Project\sin_gen\sin_gen_bpi.cfi".
// *** BATCH CMD : setCurrentDesign -version 0
// *** BATCH CMD : setMode -bs
Selected part: 28F256P30
// *** BATCH CMD : attachflash -position 2 -bpi "28F256P30"
// *** BATCH CMD : assignfiletoattachedflash -position 2 -file"C:/Xilinx/Project/sin_gen/sin_gen_bpi.mcs"
GUI --- Auto connect to cable...
// *** BATCH CMD : setCable -port auto
AutoDetecting cable. Please wait.
PROGRESS_START - Starting Operation.
Connecting to cable (Usb Port - USB21).
Checking cable driver.
 Driver file xusb_emb.sys found.
 Driver version: src=1029, dest=1029.
 Driver windrvr6.sys version = 8.1.1.0. WinDriver v8.11 Jungo (c) 1997 - 2007 Build Date: Feb 28 2007 x86_64 64bit SYS09:48:01, version = 811.
 Cable PID = 0008.
 Max current requested during enumeration is 74 mA.
Type = 0x0004.
 Cable Type = 3, Revision = 0.
 Setting cable speed to 6 MHz.
Cable connection established.
Firmware version = 1029.
File version of D:/Xilinx/12.2/ISE_DS/ISE/data/xusb_xlp.hex = 1303.
Firmware hex file version = 1303.
Downloading D:/Xilinx/12.2/ISE_DS/ISE/data/xusb_xlp.hex.
Downloaded firmware version = 1303.
PLD file version = 0012h.
 PLD version = 0012h.
PROGRESS_END - End Operation.
Elapsed time =      1 sec.
Type = 0x0004.
ESN option: 000013EAE9BF01.
INFO:iMPACT - Current time: Тђ 20. џэт 14:31:16 2026
Updating config file C:/Xilinx/Project/sin_gen/sin_gen.bit...
INFO:iMPACT:2257 - Startup Clock has been changed to 'JtagClk' in the bitstream   stored in memory,
   but the original bitstream file remains unchanged.
// *** BATCH CMD : Program -p 2 -dataWidth 16 -rs1 NONE -rs0 NONE -bpionly -e -v-loadfpga 
Maximum TCK operating frequency for this device chain: 16700000.
Validating chain...
Boundary-scan chain validated successfully.
PROGRESS_START - Starting Operation.
'2': BPI access core not detected. BPI access core will be downloaded to thedevice to enable operations.
INFO:iMPACT - Downloading core file   D:/Xilinx/12.2/ISE_DS/ISE/spartan6/data/xc6slx45t_jbpi.cor.
'2': Downloading core...
 LCK_cycle = NoWait.
LCK cycle: NoWait
done.
'2': Reading status register contents...
INFO:iMPACT:2219 - Status register values:
INFO:iMPACT - 0011 1100 1110 1100 
INFO:iMPACT:2492 - '2': Completed downloading core to device.
Current cable speed is set to 6.000 Mhz.
Cable speed is default to 3Mhz or lower for BPI operations.
Current cable speed is set to 3.000 Mhz.
Setting Flash Control Pins ...
Populating BPI common flash interface ...
Common Flash Interface Information Query completed successfully.
INFO:iMPACT - Common Flash Interface Information from Device:
INFO:iMPACT - Verification string:	 51 52 59
INFO:iMPACT - Manufacturer ID:    	 89 
INFO:iMPACT - Vendor ID:          	 01 
INFO:iMPACT - Device Code:        	 19 
Using x16 mode ...
Setting Flash Control Pins ...
'2': Erasing device...
'2': Start address = 0x00000000, End address = 0x0016A673.
done.
'2': Erasure completed successfully.
Using x16 mode ...
Setting Flash Control Pins ...
INFO:iMPACT - Using Buffered Programming.
'2': Programming Flash.
done.
'2': Flash Programming completed successfully.
Using x16 mode ...
Setting Flash Control Pins ...
'2': Reading device contents...
done.
'2': Verification completed.
Current cable speed is resumed to 6.000 Mhz.
INFO:iMPACT:188 - '2': Programming completed successfully.
 LCK_cycle = NoWait.
LCK cycle: NoWait
INFO:iMPACT - '2': Checking done pin....done.
'2': Programmed successfully.
PROGRESS_END - End Operation.
Elapsed time =    118 sec.
Cable is not connected.
// *** BATCH CMD : setMode -pff
Revision 0, Design 0 Device #0 is Selected.
// *** BATCH CMD : assignFile -p 1 -file "C:/Xilinx/Project/sin_gen/sin_gen.bit"
'1': Loading file 'C:/Xilinx/Project/sin_gen/sin_gen.bit' ...
INFO:iMPACT - Elapsed time =      0 sec.
done.
INFO:iMPACT:501 - '1': Added Device xc6slx45t successfully.
----------------------------------------------------------------------
// *** BATCH CMD : setAttribute -position 1 -attr devicePartName -value"xc6slx45t"
Revision 0, Design 0 Device #0 is Selected.
INFO:iMPACT - Current time: Тђ 20. џэт 14:42:41 2026
// *** BATCH CMD : setMode -pff
// *** BATCH CMD : setSubmode -pffbpi
Updating config file C:/Xilinx/Project/sin_gen/sin_gen.bit...
Total configuration bit size = 11875232  bits.
Total configuration byte size = 1484404 bytes.
// *** BATCH CMD : generate
INFO:Bitstream:181 - The start address provided has been multiplied by a factor   of 2 due to the use of the x16 data width
0x16a674 (1484404) bytes loaded up from 0x0
Using user-specified prom size of 16384K
Writing file "C:\Xilinx\Project\sin_gen\sin_gen_bpi.mcs".
Writing file "C:\Xilinx\Project\sin_gen\sin_gen_bpi.prm".
Writing file "C:\Xilinx\Project\sin_gen\sin_gen_bpi.cfi".
// *** BATCH CMD : setCurrentDesign -version 0
// *** BATCH CMD : setMode -bs
Selected part: 28F256P30
// *** BATCH CMD : attachflash -position 2 -bpi "28F256P30"
// *** BATCH CMD : assignfiletoattachedflash -position 2 -file"C:/Xilinx/Project/sin_gen/sin_gen_bpi.mcs"
GUI --- Auto connect to cable...
// *** BATCH CMD : setCable -port auto
AutoDetecting cable. Please wait.
PROGRESS_START - Starting Operation.
Connecting to cable (Usb Port - USB21).
Checking cable driver.
 Driver file xusb_emb.sys found.
 Driver version: src=1029, dest=1029.
 Driver windrvr6.sys version = 8.1.1.0. WinDriver v8.11 Jungo (c) 1997 - 2007 Build Date: Feb 28 2007 x86_64 64bit SYS09:48:01, version = 811.
 Cable PID = 0008.
 Max current requested during enumeration is 74 mA.
Type = 0x0004.
 Cable Type = 3, Revision = 0.
 Setting cable speed to 6 MHz.
Cable connection established.
Firmware version = 1029.
File version of D:/Xilinx/12.2/ISE_DS/ISE/data/xusb_xlp.hex = 1303.
Firmware hex file version = 1303.
Downloading D:/Xilinx/12.2/ISE_DS/ISE/data/xusb_xlp.hex.
Downloaded firmware version = 1303.
PLD file version = 0012h.
 PLD version = 0012h.
PROGRESS_END - End Operation.
Elapsed time =      1 sec.
Type = 0x0004.
ESN option: 000013EAE9BF01.
INFO:iMPACT - Current time: Тђ 20. џэт 14:43:07 2026
Updating config file C:/Xilinx/Project/sin_gen/sin_gen.bit...
INFO:iMPACT:2257 - Startup Clock has been changed to 'JtagClk' in the bitstream   stored in memory,
   but the original bitstream file remains unchanged.
// *** BATCH CMD : Program -p 2 -dataWidth 16 -rs1 NONE -rs0 NONE -bpionly -e -v-loadfpga 
Maximum TCK operating frequency for this device chain: 16700000.
Validating chain...
Boundary-scan chain validated successfully.
PROGRESS_START - Starting Operation.
'2': BPI access core not detected. BPI access core will be downloaded to thedevice to enable operations.
INFO:iMPACT - Downloading core file   D:/Xilinx/12.2/ISE_DS/ISE/spartan6/data/xc6slx45t_jbpi.cor.
'2': Downloading core...
 LCK_cycle = NoWait.
LCK cycle: NoWait
done.
'2': Reading status register contents...
INFO:iMPACT:2219 - Status register values:
INFO:iMPACT - 0011 1100 1110 1100 
INFO:iMPACT:2492 - '2': Completed downloading core to device.
Current cable speed is set to 6.000 Mhz.
Cable speed is default to 3Mhz or lower for BPI operations.
Current cable speed is set to 3.000 Mhz.
Setting Flash Control Pins ...
Populating BPI common flash interface ...
Common Flash Interface Information Query completed successfully.
INFO:iMPACT - Common Flash Interface Information from Device:
INFO:iMPACT - Verification string:	 51 52 59
INFO:iMPACT - Manufacturer ID:    	 89 
INFO:iMPACT - Vendor ID:          	 01 
INFO:iMPACT - Device Code:        	 19 
Using x16 mode ...
Setting Flash Control Pins ...
'2': Erasing device...
'2': Start address = 0x00000000, End address = 0x0016A673.
done.
'2': Erasure completed successfully.
Using x16 mode ...
Setting Flash Control Pins ...
INFO:iMPACT - Using Buffered Programming.
'2': Programming Flash.
done.
'2': Flash Programming completed successfully.
Using x16 mode ...
Setting Flash Control Pins ...
'2': Reading device contents...
done.
'2': Verification completed.
Current cable speed is resumed to 6.000 Mhz.
INFO:iMPACT:188 - '2': Programming completed successfully.
 LCK_cycle = NoWait.
LCK cycle: NoWait
INFO:iMPACT - '2': Checking done pin....done.
'2': Programmed successfully.
PROGRESS_END - End Operation.
Elapsed time =    118 sec.
Cable is not connected.
// *** BATCH CMD : setMode -pff
// *** BATCH CMD : assignFile -p 1 -file "C:/Xilinx/Project/sin_gen/sin_gen.bit"
'1': Loading file 'C:/Xilinx/Project/sin_gen/sin_gen.bit' ...
INFO:iMPACT - Elapsed time =      0 sec.
done.
INFO:iMPACT:501 - '1': Added Device xc6slx45t successfully.
----------------------------------------------------------------------
// *** BATCH CMD : setAttribute -position 1 -attr devicePartName -value"xc6slx45t"
Revision 0, Design 0 Device #0 is Selected.
INFO:iMPACT - Current time: Тђ 20. џэт 15:06:54 2026
// *** BATCH CMD : setMode -pff
// *** BATCH CMD : setSubmode -pffbpi
Updating config file C:/Xilinx/Project/sin_gen/sin_gen.bit...
Total configuration bit size = 11875232  bits.
Total configuration byte size = 1484404 bytes.
// *** BATCH CMD : generate
INFO:Bitstream:181 - The start address provided has been multiplied by a factor   of 2 due to the use of the x16 data width
0x16a674 (1484404) bytes loaded up from 0x0
Using user-specified prom size of 16384K
Writing file "C:\Xilinx\Project\sin_gen\sin_gen_bpi.mcs".
Writing file "C:\Xilinx\Project\sin_gen\sin_gen_bpi.prm".
Writing file "C:\Xilinx\Project\sin_gen\sin_gen_bpi.cfi".
// *** BATCH CMD : setCurrentDesign -version 0
// *** BATCH CMD : setMode -bs
Selected part: 28F256P30
// *** BATCH CMD : attachflash -position 2 -bpi "28F256P30"
// *** BATCH CMD : assignfiletoattachedflash -position 2 -file"C:/Xilinx/Project/sin_gen/sin_gen_bpi.mcs"
GUI --- Auto connect to cable...
// *** BATCH CMD : setCable -port auto
AutoDetecting cable. Please wait.
PROGRESS_START - Starting Operation.
Connecting to cable (Usb Port - USB21).
Checking cable driver.
 Driver file xusb_emb.sys found.
 Driver version: src=1029, dest=1029.
 Driver windrvr6.sys version = 8.1.1.0. WinDriver v8.11 Jungo (c) 1997 - 2007 Build Date: Feb 28 2007 x86_64 64bit SYS09:48:01, version = 811.
 Cable PID = 0008.
 Max current requested during enumeration is 74 mA.
Type = 0x0004.
 Cable Type = 3, Revision = 0.
 Setting cable speed to 6 MHz.
Cable connection established.
Firmware version = 1029.
File version of D:/Xilinx/12.2/ISE_DS/ISE/data/xusb_xlp.hex = 1303.
Firmware hex file version = 1303.
Downloading D:/Xilinx/12.2/ISE_DS/ISE/data/xusb_xlp.hex.
Downloaded firmware version = 1303.
PLD file version = 0012h.
 PLD version = 0012h.
PROGRESS_END - End Operation.
Elapsed time =      1 sec.
Type = 0x0004.
ESN option: 000013EAE9BF01.
INFO:iMPACT - Current time: Тђ 20. џэт 15:07:18 2026
Updating config file C:/Xilinx/Project/sin_gen/sin_gen.bit...
INFO:iMPACT:2257 - Startup Clock has been changed to 'JtagClk' in the bitstream   stored in memory,
   but the original bitstream file remains unchanged.
// *** BATCH CMD : Program -p 2 -dataWidth 16 -rs1 NONE -rs0 NONE -bpionly -e -v-loadfpga 
Maximum TCK operating frequency for this device chain: 16700000.
Validating chain...
Boundary-scan chain validated successfully.
PROGRESS_START - Starting Operation.
'2': BPI access core not detected. BPI access core will be downloaded to thedevice to enable operations.
INFO:iMPACT - Downloading core file   D:/Xilinx/12.2/ISE_DS/ISE/spartan6/data/xc6slx45t_jbpi.cor.
'2': Downloading core...
 LCK_cycle = NoWait.
LCK cycle: NoWait
done.
'2': Reading status register contents...
INFO:iMPACT:2219 - Status register values:
INFO:iMPACT - 0011 1100 1110 1100 
INFO:iMPACT:2492 - '2': Completed downloading core to device.
Current cable speed is set to 6.000 Mhz.
Cable speed is default to 3Mhz or lower for BPI operations.
Current cable speed is set to 3.000 Mhz.
Setting Flash Control Pins ...
Populating BPI common flash interface ...
Common Flash Interface Information Query completed successfully.
INFO:iMPACT - Common Flash Interface Information from Device:
INFO:iMPACT - Verification string:	 51 52 59
INFO:iMPACT - Manufacturer ID:    	 89 
INFO:iMPACT - Vendor ID:          	 01 
INFO:iMPACT - Device Code:        	 19 
Using x16 mode ...
Setting Flash Control Pins ...
'2': Erasing device...
'2': Start address = 0x00000000, End address = 0x0016A673.
done.
'2': Erasure completed successfully.
Using x16 mode ...
Setting Flash Control Pins ...
INFO:iMPACT - Using Buffered Programming.
'2': Programming Flash.
done.
'2': Flash Programming completed successfully.
Using x16 mode ...
Setting Flash Control Pins ...
'2': Reading device contents...
done.
'2': Verification completed.
Current cable speed is resumed to 6.000 Mhz.
INFO:iMPACT:188 - '2': Programming completed successfully.
 LCK_cycle = NoWait.
LCK cycle: NoWait
INFO:iMPACT - '2': Checking done pin....done.
'2': Programmed successfully.
PROGRESS_END - End Operation.
Elapsed time =    118 sec.
Cable is not connected.
// *** BATCH CMD : setMode -pff
// *** BATCH CMD : assignFile -p 1 -file "C:/Xilinx/Project/sin_gen/sin_gen.bit"
'1': Loading file 'C:/Xilinx/Project/sin_gen/sin_gen.bit' ...
INFO:iMPACT - Elapsed time =      0 sec.
done.
INFO:iMPACT:501 - '1': Added Device xc6slx45t successfully.
----------------------------------------------------------------------
// *** BATCH CMD : setAttribute -position 1 -attr devicePartName -value"xc6slx45t"
Revision 0, Design 0 Device #0 is Selected.
INFO:iMPACT - Current time: Тђ 20. џэт 15:19:05 2026
// *** BATCH CMD : setMode -pff
// *** BATCH CMD : setSubmode -pffbpi
Updating config file C:/Xilinx/Project/sin_gen/sin_gen.bit...
Total configuration bit size = 11875232  bits.
Total configuration byte size = 1484404 bytes.
// *** BATCH CMD : generate
INFO:Bitstream:181 - The start address provided has been multiplied by a factor   of 2 due to the use of the x16 data width
0x16a674 (1484404) bytes loaded up from 0x0
Using user-specified prom size of 16384K
Writing file "C:\Xilinx\Project\sin_gen\sin_gen_bpi.mcs".
Writing file "C:\Xilinx\Project\sin_gen\sin_gen_bpi.prm".
Writing file "C:\Xilinx\Project\sin_gen\sin_gen_bpi.cfi".
// *** BATCH CMD : setCurrentDesign -version 0
// *** BATCH CMD : setMode -bs
Selected part: 28F256P30
// *** BATCH CMD : attachflash -position 2 -bpi "28F256P30"
// *** BATCH CMD : assignfiletoattachedflash -position 2 -file"C:/Xilinx/Project/sin_gen/sin_gen_bpi.mcs"
GUI --- Auto connect to cable...
// *** BATCH CMD : setCable -port auto
AutoDetecting cable. Please wait.
PROGRESS_START - Starting Operation.
Connecting to cable (Usb Port - USB21).
Checking cable driver.
 Driver file xusb_emb.sys found.
 Driver version: src=1029, dest=1029.
 Driver windrvr6.sys version = 8.1.1.0. WinDriver v8.11 Jungo (c) 1997 - 2007 Build Date: Feb 28 2007 x86_64 64bit SYS09:48:01, version = 811.
 Cable PID = 0008.
 Max current requested during enumeration is 74 mA.
Type = 0x0004.
 Cable Type = 3, Revision = 0.
 Setting cable speed to 6 MHz.
Cable connection established.
Firmware version = 1029.
File version of D:/Xilinx/12.2/ISE_DS/ISE/data/xusb_xlp.hex = 1303.
Firmware hex file version = 1303.
Downloading D:/Xilinx/12.2/ISE_DS/ISE/data/xusb_xlp.hex.
Downloaded firmware version = 1303.
PLD file version = 0012h.
 PLD version = 0012h.
PROGRESS_END - End Operation.
Elapsed time =      1 sec.
Type = 0x0004.
ESN option: 000013EAE9BF01.
INFO:iMPACT - Current time: Тђ 20. џэт 15:19:36 2026
Updating config file C:/Xilinx/Project/sin_gen/sin_gen.bit...
INFO:iMPACT:2257 - Startup Clock has been changed to 'JtagClk' in the bitstream   stored in memory,
   but the original bitstream file remains unchanged.
// *** BATCH CMD : Program -p 2 -dataWidth 16 -rs1 NONE -rs0 NONE -bpionly -e -v-loadfpga 
Maximum TCK operating frequency for this device chain: 16700000.
Validating chain...
Boundary-scan chain validated successfully.
PROGRESS_START - Starting Operation.
'2': BPI access core not detected. BPI access core will be downloaded to thedevice to enable operations.
INFO:iMPACT - Downloading core file   D:/Xilinx/12.2/ISE_DS/ISE/spartan6/data/xc6slx45t_jbpi.cor.
'2': Downloading core...
 LCK_cycle = NoWait.
LCK cycle: NoWait
done.
'2': Reading status register contents...
INFO:iMPACT:2219 - Status register values:
INFO:iMPACT - 0011 1100 1110 1100 
INFO:iMPACT:2492 - '2': Completed downloading core to device.
Current cable speed is set to 6.000 Mhz.
Cable speed is default to 3Mhz or lower for BPI operations.
Current cable speed is set to 3.000 Mhz.
Setting Flash Control Pins ...
Populating BPI common flash interface ...
Common Flash Interface Information Query completed successfully.
INFO:iMPACT - Common Flash Interface Information from Device:
INFO:iMPACT - Verification string:	 51 52 59
INFO:iMPACT - Manufacturer ID:    	 89 
INFO:iMPACT - Vendor ID:          	 01 
INFO:iMPACT - Device Code:        	 19 
Using x16 mode ...
Setting Flash Control Pins ...
'2': Erasing device...
'2': Start address = 0x00000000, End address = 0x0016A673.
done.
'2': Erasure completed successfully.
Using x16 mode ...
Setting Flash Control Pins ...
INFO:iMPACT - Using Buffered Programming.
'2': Programming Flash.
done.
'2': Flash Programming completed successfully.
Using x16 mode ...
Setting Flash Control Pins ...
'2': Reading device contents...
done.
'2': Verification completed.
Current cable speed is resumed to 6.000 Mhz.
INFO:iMPACT:188 - '2': Programming completed successfully.
 LCK_cycle = NoWait.
LCK cycle: NoWait
INFO:iMPACT - '2': Checking done pin....done.
'2': Programmed successfully.
PROGRESS_END - End Operation.
Elapsed time =    118 sec.
// *** BATCH CMD : setMode -pff
// *** BATCH CMD : deleteDevice -position 1
----------------------------------------------------------------------
// *** BATCH CMD : deleteDevice -position 1
